// Jest Snapshot v1, https://goo.gl/fbAQLP

exports[`matches snapshot 1`] = `
<div
  className="MuiPaper-root fact MuiPaper-elevation1 MuiPaper-rounded"
/>
`;
